2026-08-30 11:18:32.135 [main] WARN  com.qa.framework.healing.SelfHealingElementLocator - Primary locator failed for element 'PageHeading' (By.id: this-id-does-not-exist-on-the-page): TimeoutException: Expected condition failed: waiting for presence of element found by By.id: this-id-does-not-exist-on-the-page
(tried for 10 seconds with 500 milliseconds interval)
Build info: version: '4.47.0', revision: '9175ed9 9175ed94d83e87cc3abeb7c9fd91367d17849d35'
System info: os.name: 'Windows 11', os.arch: 'amd64', os.version: '10.0', java.version: '25.0.4.1'
Driver info: org.openqa.selenium.chrome.ChromeDriver
Capabilities {acceptInsecureCerts: false, browserName: chrome, browserVersion: 151.0.7922.174, chrome: {chromedriverVersion: 151.0.7922.138 (41fa8244239..., userDataDir: C:\Users\User\AppData\Local...}, fedcm:accounts: true, goog:chromeOptions: {debuggerAddress: localhost:57373}, goog:processID: 13168, networkConnectionEnabled: false, pageLoadStrategy: normal, platformName: windows, proxy: Proxy(), se:cdp: ws://localhost:57373/devtoo..., se:cdpVersion: 151.0.7922.174, setWindowRect: true, strictFileInteractability: false, timeouts: {implicit: 0, pageLoad: 300000, script: 30000}, unhandledPromptBehavior: dismiss and notify, webauthn:extension:credBlob: true, webauthn:extension:largeBlob: true, webauthn:extension:minPinLength: true, webauthn:extension:prf: true, webauthn:virtualAuthenticators: true}
Session ID: 9eeb94eca88257219da8900b4dfbf8f2. Evaluating 3 fallback candidate(s)...
2026-08-30 11:18:32.150 [main] INFO  com.qa.framework.healing.SelfHealingElementLocator - SELF-HEAL SUCCESS | element='PageHeading' | primaryLocator='By.id: this-id-does-not-exist-on-the-page' | healedVia='fallbackLocators[0]' | resolvedLocator='By.cssSelector: h3' | dynamicIdPattern='null'
2026-08-30 11:18:42.452 [main] WARN  com.qa.framework.healing.SelfHealingElementLocator - Primary locator failed for element 'TableRegionAnchor' (By.id: nonexistent-primary): TimeoutException: Expected condition failed: waiting for presence of element found by By.id: nonexistent-primary
(tried for 10 seconds with 500 milliseconds interval)
Build info: version: '4.47.0', revision: '9175ed9 9175ed94d83e87cc3abeb7c9fd91367d17849d35'
System info: os.name: 'Windows 11', os.arch: 'amd64', os.version: '10.0', java.version: '25.0.4.1'
Driver info: org.openqa.selenium.chrome.ChromeDriver
Capabilities {acceptInsecureCerts: false, browserName: chrome, browserVersion: 151.0.7922.174, chrome: {chromedriverVersion: 151.0.7922.138 (41fa8244239..., userDataDir: C:\Users\User\AppData\Local...}, fedcm:accounts: true, goog:chromeOptions: {debuggerAddress: localhost:57373}, goog:processID: 13168, networkConnectionEnabled: false, pageLoadStrategy: normal, platformName: windows, proxy: Proxy(), se:cdp: ws://localhost:57373/devtoo..., se:cdpVersion: 151.0.7922.174, setWindowRect: true, strictFileInteractability: false, timeouts: {implicit: 0, pageLoad: 300000, script: 30000}, unhandledPromptBehavior: dismiss and notify, webauthn:extension:credBlob: true, webauthn:extension:largeBlob: true, webauthn:extension:minPinLength: true, webauthn:extension:prf: true, webauthn:virtualAuthenticators: true}
Session ID: 9eeb94eca88257219da8900b4dfbf8f2. Evaluating 2 fallback candidate(s)...
2026-08-30 11:19:14.773 [main] ERROR com.qa.framework.healing.SelfHealingElementLocator - Self-healing exhausted all candidates for element 'TableRegionAnchor'. Primary: By.id: nonexistent-primary. Fallbacks tried: 1.
2026-08-30 11:29:00.992 [main] WARN  com.qa.framework.healing.SelfHealingElementLocator - Primary locator failed for element 'PageHeading' (By.id: this-id-does-not-exist-on-the-page): TimeoutException: Expected condition failed: waiting for presence of element found by By.id: this-id-does-not-exist-on-the-page
(tried for 10 seconds with 500 milliseconds interval)
Build info: version: '4.47.0', revision: '9175ed9 9175ed94d83e87cc3abeb7c9fd91367d17849d35'
System info: os.name: 'Windows 11', os.arch: 'amd64', os.version: '10.0', java.version: '25.0.4.1'
Driver info: org.openqa.selenium.chrome.ChromeDriver
Capabilities {acceptInsecureCerts: false, browserName: chrome, browserVersion: 151.0.7922.174, chrome: {chromedriverVersion: 151.0.7922.138 (41fa8244239..., userDataDir: C:\Users\User\AppData\Local...}, fedcm:accounts: true, goog:chromeOptions: {debuggerAddress: localhost:51857}, goog:processID: 13108, networkConnectionEnabled: false, pageLoadStrategy: normal, platformName: windows, proxy: Proxy(), se:cdp: ws://localhost:51857/devtoo..., se:cdpVersion: 151.0.7922.174, setWindowRect: true, strictFileInteractability: false, timeouts: {implicit: 0, pageLoad: 300000, script: 30000}, unhandledPromptBehavior: dismiss and notify, webauthn:extension:credBlob: true, webauthn:extension:largeBlob: true, webauthn:extension:minPinLength: true, webauthn:extension:prf: true, webauthn:virtualAuthenticators: true}
Session ID: a5350cfcc8d3eed73067d11bbd426886. Evaluating 3 fallback candidate(s)...
2026-08-30 11:29:01.013 [main] INFO  com.qa.framework.healing.SelfHealingElementLocator - SELF-HEAL SUCCESS | element='PageHeading' | primaryLocator='By.id: this-id-does-not-exist-on-the-page' | healedVia='fallbackLocators[0]' | resolvedLocator='By.cssSelector: h3' | dynamicIdPattern='null'
2026-08-30 11:29:11.310 [main] WARN  com.qa.framework.healing.SelfHealingElementLocator - Primary locator failed for element 'TableRegionAnchor' (By.id: nonexistent-primary): TimeoutException: Expected condition failed: waiting for presence of element found by By.id: nonexistent-primary
(tried for 10 seconds with 500 milliseconds interval)
Build info: version: '4.47.0', revision: '9175ed9 9175ed94d83e87cc3abeb7c9fd91367d17849d35'
System info: os.name: 'Windows 11', os.arch: 'amd64', os.version: '10.0', java.version: '25.0.4.1'
Driver info: org.openqa.selenium.chrome.ChromeDriver
Capabilities {acceptInsecureCerts: false, browserName: chrome, browserVersion: 151.0.7922.174, chrome: {chromedriverVersion: 151.0.7922.138 (41fa8244239..., userDataDir: C:\Users\User\AppData\Local...}, fedcm:accounts: true, goog:chromeOptions: {debuggerAddress: localhost:51857}, goog:processID: 13108, networkConnectionEnabled: false, pageLoadStrategy: normal, platformName: windows, proxy: Proxy(), se:cdp: ws://localhost:51857/devtoo..., se:cdpVersion: 151.0.7922.174, setWindowRect: true, strictFileInteractability: false, timeouts: {implicit: 0, pageLoad: 300000, script: 30000}, unhandledPromptBehavior: dismiss and notify, webauthn:extension:credBlob: true, webauthn:extension:largeBlob: true, webauthn:extension:minPinLength: true, webauthn:extension:prf: true, webauthn:virtualAuthenticators: true}
Session ID: a5350cfcc8d3eed73067d11bbd426886. Evaluating 2 fallback candidate(s)...
2026-08-30 11:29:38.478 [main] ERROR com.qa.framework.healing.SelfHealingElementLocator - Self-healing exhausted all candidates for element 'TableRegionAnchor'. Primary: By.id: nonexistent-primary. Fallbacks tried: 1.
2026-08-30 15:16:34.944 [main] WARN  com.qa.framework.healing.SelfHealingElementLocator - Primary locator failed for element 'PageHeading' (By.id: this-id-does-not-exist-on-the-page): TimeoutException: Expected condition failed: waiting for presence of element found by By.id: this-id-does-not-exist-on-the-page
(tried for 10 seconds with 500 milliseconds interval)
Build info: version: '4.47.0', revision: '9175ed9 9175ed94d83e87cc3abeb7c9fd91367d17849d35'
System info: os.name: 'Windows 11', os.arch: 'amd64', os.version: '10.0', java.version: '25.0.4.1'
Driver info: org.openqa.selenium.chrome.ChromeDriver
Capabilities {acceptInsecureCerts: false, browserName: chrome, browserVersion: 151.0.7922.174, chrome: {chromedriverVersion: 151.0.7922.138 (41fa8244239..., userDataDir: C:\Users\User\AppData\Local...}, fedcm:accounts: true, goog:chromeOptions: {debuggerAddress: localhost:53190}, goog:processID: 3732, networkConnectionEnabled: false, pageLoadStrategy: normal, platformName: windows, proxy: Proxy(), se:cdp: ws://localhost:53190/devtoo..., se:cdpVersion: 151.0.7922.174, setWindowRect: true, strictFileInteractability: false, timeouts: {implicit: 0, pageLoad: 300000, script: 30000}, unhandledPromptBehavior: dismiss and notify, webauthn:extension:credBlob: true, webauthn:extension:largeBlob: true, webauthn:extension:minPinLength: true, webauthn:extension:prf: true, webauthn:virtualAuthenticators: true}
Session ID: 1fe221c9749e4307e4fc5baceed56051. Evaluating 3 fallback candidate(s)...
2026-08-30 15:16:34.970 [main] INFO  com.qa.framework.healing.SelfHealingElementLocator - SELF-HEAL SUCCESS | element='PageHeading' | primaryLocator='By.id: this-id-does-not-exist-on-the-page' | healedVia='fallbackLocators[0]' | resolvedLocator='By.cssSelector: h3' | dynamicIdPattern='null'
2026-08-30 15:16:45.306 [main] WARN  com.qa.framework.healing.SelfHealingElementLocator - Primary locator failed for element 'LargeGridTable' (By.id: nonexistent-primary): TimeoutException: Expected condition failed: waiting for presence of element found by By.id: nonexistent-primary
(tried for 10 seconds with 500 milliseconds interval)
Build info: version: '4.47.0', revision: '9175ed9 9175ed94d83e87cc3abeb7c9fd91367d17849d35'
System info: os.name: 'Windows 11', os.arch: 'amd64', os.version: '10.0', java.version: '25.0.4.1'
Driver info: org.openqa.selenium.chrome.ChromeDriver
Capabilities {acceptInsecureCerts: false, browserName: chrome, browserVersion: 151.0.7922.174, chrome: {chromedriverVersion: 151.0.7922.138 (41fa8244239..., userDataDir: C:\Users\User\AppData\Local...}, fedcm:accounts: true, goog:chromeOptions: {debuggerAddress: localhost:53190}, goog:processID: 3732, networkConnectionEnabled: false, pageLoadStrategy: normal, platformName: windows, proxy: Proxy(), se:cdp: ws://localhost:53190/devtoo..., se:cdpVersion: 151.0.7922.174, setWindowRect: true, strictFileInteractability: false, timeouts: {implicit: 0, pageLoad: 300000, script: 30000}, unhandledPromptBehavior: dismiss and notify, webauthn:extension:credBlob: true, webauthn:extension:largeBlob: true, webauthn:extension:minPinLength: true, webauthn:extension:prf: true, webauthn:virtualAuthenticators: true}
Session ID: 1fe221c9749e4307e4fc5baceed56051. Evaluating 2 fallback candidate(s)...
2026-08-30 15:16:55.608 [main] INFO  com.qa.framework.healing.SelfHealingElementLocator - SELF-HEAL SUCCESS | element='LargeGridTable' | primaryLocator='By.id: nonexistent-primary' | healedVia='fallbackLocators[1]' | resolvedLocator='By.tagName: table' | dynamicIdPattern='null'
2026-08-30 15:20:22.247 [main] WARN  com.qa.framework.healing.SelfHealingElementLocator - Primary locator failed for element 'PageHeading' (By.id: this-id-does-not-exist-on-the-page): TimeoutException: Expected condition failed: waiting for presence of element found by By.id: this-id-does-not-exist-on-the-page
(tried for 10 seconds with 500 milliseconds interval)
Build info: version: '4.47.0', revision: '9175ed9 9175ed94d83e87cc3abeb7c9fd91367d17849d35'
System info: os.name: 'Windows 11', os.arch: 'amd64', os.version: '10.0', java.version: '25.0.4.1'
Driver info: org.openqa.selenium.chrome.ChromeDriver
Capabilities {acceptInsecureCerts: false, browserName: chrome, browserVersion: 151.0.7922.174, chrome: {chromedriverVersion: 151.0.7922.138 (41fa8244239..., userDataDir: C:\Users\User\AppData\Local...}, fedcm:accounts: true, goog:chromeOptions: {debuggerAddress: localhost:54511}, goog:processID: 11436, networkConnectionEnabled: false, pageLoadStrategy: normal, platformName: windows, proxy: Proxy(), se:cdp: ws://localhost:54511/devtoo..., se:cdpVersion: 151.0.7922.174, setWindowRect: true, strictFileInteractability: false, timeouts: {implicit: 0, pageLoad: 300000, script: 30000}, unhandledPromptBehavior: dismiss and notify, webauthn:extension:credBlob: true, webauthn:extension:largeBlob: true, webauthn:extension:minPinLength: true, webauthn:extension:prf: true, webauthn:virtualAuthenticators: true}
Session ID: 8de34d6e0117b9f621d3071bbc6dc8a8. Evaluating 3 fallback candidate(s)...
2026-08-30 15:20:22.265 [main] INFO  com.qa.framework.healing.SelfHealingElementLocator - SELF-HEAL SUCCESS | element='PageHeading' | primaryLocator='By.id: this-id-does-not-exist-on-the-page' | healedVia='fallbackLocators[0]' | resolvedLocator='By.cssSelector: h3' | dynamicIdPattern='null'
2026-08-30 15:20:32.560 [main] WARN  com.qa.framework.healing.SelfHealingElementLocator - Primary locator failed for element 'LargeGridTable' (By.id: nonexistent-primary): TimeoutException: Expected condition failed: waiting for presence of element found by By.id: nonexistent-primary
(tried for 10 seconds with 500 milliseconds interval)
Build info: version: '4.47.0', revision: '9175ed9 9175ed94d83e87cc3abeb7c9fd91367d17849d35'
System info: os.name: 'Windows 11', os.arch: 'amd64', os.version: '10.0', java.version: '25.0.4.1'
Driver info: org.openqa.selenium.chrome.ChromeDriver
Capabilities {acceptInsecureCerts: false, browserName: chrome, browserVersion: 151.0.7922.174, chrome: {chromedriverVersion: 151.0.7922.138 (41fa8244239..., userDataDir: C:\Users\User\AppData\Local...}, fedcm:accounts: true, goog:chromeOptions: {debuggerAddress: localhost:54511}, goog:processID: 11436, networkConnectionEnabled: false, pageLoadStrategy: normal, platformName: windows, proxy: Proxy(), se:cdp: ws://localhost:54511/devtoo..., se:cdpVersion: 151.0.7922.174, setWindowRect: true, strictFileInteractability: false, timeouts: {implicit: 0, pageLoad: 300000, script: 30000}, unhandledPromptBehavior: dismiss and notify, webauthn:extension:credBlob: true, webauthn:extension:largeBlob: true, webauthn:extension:minPinLength: true, webauthn:extension:prf: true, webauthn:virtualAuthenticators: true}
Session ID: 8de34d6e0117b9f621d3071bbc6dc8a8. Evaluating 2 fallback candidate(s)...
2026-08-30 15:20:42.837 [main] INFO  com.qa.framework.healing.SelfHealingElementLocator - SELF-HEAL SUCCESS | element='LargeGridTable' | primaryLocator='By.id: nonexistent-primary' | healedVia='fallbackLocators[1]' | resolvedLocator='By.tagName: table' | dynamicIdPattern='null'
2026-08-30 15:58:22.172 [main] WARN  com.qa.framework.healing.SelfHealingElementLocator - Primary locator failed for element 'PageHeading' (By.id: this-id-does-not-exist-on-the-page): TimeoutException: Expected condition failed: waiting for presence of element found by By.id: this-id-does-not-exist-on-the-page
(tried for 10 seconds with 500 milliseconds interval)
Build info: version: '4.47.0', revision: '9175ed9 9175ed94d83e87cc3abeb7c9fd91367d17849d35'
System info: os.name: 'Windows 11', os.arch: 'amd64', os.version: '10.0', java.version: '25.0.4.1'
Driver info: org.openqa.selenium.chrome.ChromeDriver
Capabilities {acceptInsecureCerts: false, browserName: chrome, browserVersion: 151.0.7922.174, chrome: {chromedriverVersion: 151.0.7922.138 (41fa8244239..., userDataDir: C:\Users\User\AppData\Local...}, fedcm:accounts: true, goog:chromeOptions: {debuggerAddress: localhost:60427}, goog:processID: 10652, networkConnectionEnabled: false, pageLoadStrategy: normal, platformName: windows, proxy: Proxy(), se:cdp: ws://localhost:60427/devtoo..., se:cdpVersion: 151.0.7922.174, setWindowRect: true, strictFileInteractability: false, timeouts: {implicit: 0, pageLoad: 300000, script: 30000}, unhandledPromptBehavior: dismiss and notify, webauthn:extension:credBlob: true, webauthn:extension:largeBlob: true, webauthn:extension:minPinLength: true, webauthn:extension:prf: true, webauthn:virtualAuthenticators: true}
Session ID: 559539f055e450b5d4182f48bd73ccea. Evaluating 3 fallback candidate(s)...
2026-08-30 15:58:22.186 [main] INFO  com.qa.framework.healing.SelfHealingElementLocator - SELF-HEAL SUCCESS | element='PageHeading' | primaryLocator='By.id: this-id-does-not-exist-on-the-page' | healedVia='fallbackLocators[0]' | resolvedLocator='By.cssSelector: h3' | dynamicIdPattern='null'
2026-08-30 15:58:32.433 [main] WARN  com.qa.framework.healing.SelfHealingElementLocator - Primary locator failed for element 'LargeGridTable' (By.id: nonexistent-primary): TimeoutException: Expected condition failed: waiting for presence of element found by By.id: nonexistent-primary
(tried for 10 seconds with 500 milliseconds interval)
Build info: version: '4.47.0', revision: '9175ed9 9175ed94d83e87cc3abeb7c9fd91367d17849d35'
System info: os.name: 'Windows 11', os.arch: 'amd64', os.version: '10.0', java.version: '25.0.4.1'
Driver info: org.openqa.selenium.chrome.ChromeDriver
Capabilities {acceptInsecureCerts: false, browserName: chrome, browserVersion: 151.0.7922.174, chrome: {chromedriverVersion: 151.0.7922.138 (41fa8244239..., userDataDir: C:\Users\User\AppData\Local...}, fedcm:accounts: true, goog:chromeOptions: {debuggerAddress: localhost:60427}, goog:processID: 10652, networkConnectionEnabled: false, pageLoadStrategy: normal, platformName: windows, proxy: Proxy(), se:cdp: ws://localhost:60427/devtoo..., se:cdpVersion: 151.0.7922.174, setWindowRect: true, strictFileInteractability: false, timeouts: {implicit: 0, pageLoad: 300000, script: 30000}, unhandledPromptBehavior: dismiss and notify, webauthn:extension:credBlob: true, webauthn:extension:largeBlob: true, webauthn:extension:minPinLength: true, webauthn:extension:prf: true, webauthn:virtualAuthenticators: true}
Session ID: 559539f055e450b5d4182f48bd73ccea. Evaluating 2 fallback candidate(s)...
2026-08-30 15:58:42.672 [main] INFO  com.qa.framework.healing.SelfHealingElementLocator - SELF-HEAL SUCCESS | element='LargeGridTable' | primaryLocator='By.id: nonexistent-primary' | healedVia='fallbackLocators[1]' | resolvedLocator='By.tagName: table' | dynamicIdPattern='null'
2026-08-30 16:14:06.901 [main] WARN  com.qa.framework.healing.SelfHealingElementLocator - Primary locator failed for element 'PageHeading' (By.id: this-id-does-not-exist-on-the-page): TimeoutException: Expected condition failed: waiting for presence of element found by By.id: this-id-does-not-exist-on-the-page
(tried for 10 seconds with 500 milliseconds interval)
Build info: version: '4.47.0', revision: '9175ed9 9175ed94d83e87cc3abeb7c9fd91367d17849d35'
System info: os.name: 'Windows 11', os.arch: 'amd64', os.version: '10.0', java.version: '25.0.4.1'
Driver info: org.openqa.selenium.chrome.ChromeDriver
Capabilities {acceptInsecureCerts: false, browserName: chrome, browserVersion: 151.0.7922.174, chrome: {chromedriverVersion: 151.0.7922.138 (41fa8244239..., userDataDir: C:\Users\User\AppData\Local...}, fedcm:accounts: true, goog:chromeOptions: {debuggerAddress: localhost:59832}, goog:processID: 1408, networkConnectionEnabled: false, pageLoadStrategy: normal, platformName: windows, proxy: Proxy(), se:cdp: ws://localhost:59832/devtoo..., se:cdpVersion: 151.0.7922.174, setWindowRect: true, strictFileInteractability: false, timeouts: {implicit: 0, pageLoad: 300000, script: 30000}, unhandledPromptBehavior: dismiss and notify, webauthn:extension:credBlob: true, webauthn:extension:largeBlob: true, webauthn:extension:minPinLength: true, webauthn:extension:prf: true, webauthn:virtualAuthenticators: true}
Session ID: cd937e649254a3eabbad13bf97c4edbe. Evaluating 3 fallback candidate(s)...
2026-08-30 16:14:06.917 [main] INFO  com.qa.framework.healing.SelfHealingElementLocator - SELF-HEAL SUCCESS | element='PageHeading' | primaryLocator='By.id: this-id-does-not-exist-on-the-page' | healedVia='fallbackLocators[0]' | resolvedLocator='By.cssSelector: h3' | dynamicIdPattern='null'
2026-08-30 16:14:17.372 [main] WARN  com.qa.framework.healing.SelfHealingElementLocator - Primary locator failed for element 'LargeGridTable' (By.id: nonexistent-primary): TimeoutException: Expected condition failed: waiting for presence of element found by By.id: nonexistent-primary
(tried for 10 seconds with 500 milliseconds interval)
Build info: version: '4.47.0', revision: '9175ed9 9175ed94d83e87cc3abeb7c9fd91367d17849d35'
System info: os.name: 'Windows 11', os.arch: 'amd64', os.version: '10.0', java.version: '25.0.4.1'
Driver info: org.openqa.selenium.chrome.ChromeDriver
Capabilities {acceptInsecureCerts: false, browserName: chrome, browserVersion: 151.0.7922.174, chrome: {chromedriverVersion: 151.0.7922.138 (41fa8244239..., userDataDir: C:\Users\User\AppData\Local...}, fedcm:accounts: true, goog:chromeOptions: {debuggerAddress: localhost:59832}, goog:processID: 1408, networkConnectionEnabled: false, pageLoadStrategy: normal, platformName: windows, proxy: Proxy(), se:cdp: ws://localhost:59832/devtoo..., se:cdpVersion: 151.0.7922.174, setWindowRect: true, strictFileInteractability: false, timeouts: {implicit: 0, pageLoad: 300000, script: 30000}, unhandledPromptBehavior: dismiss and notify, webauthn:extension:credBlob: true, webauthn:extension:largeBlob: true, webauthn:extension:minPinLength: true, webauthn:extension:prf: true, webauthn:virtualAuthenticators: true}
Session ID: cd937e649254a3eabbad13bf97c4edbe. Evaluating 2 fallback candidate(s)...
2026-08-30 16:14:27.831 [main] INFO  com.qa.framework.healing.SelfHealingElementLocator - SELF-HEAL SUCCESS | element='LargeGridTable' | primaryLocator='By.id: nonexistent-primary' | healedVia='fallbackLocators[1]' | resolvedLocator='By.tagName: table' | dynamicIdPattern='null'
